[0m19:01:12.589073 [debug] [MainThread]: Sending event: {'category': 'dbt', 'action': 'invocation', 'label': 'start', 'context': [<snowplow_tracker.self_describing_json.SelfDescribingJson object at 0x107e52900>, <snowplow_tracker.self_describing_json.SelfDescribingJson object at 0x10902f9d0>, <snowplow_tracker.self_describing_json.SelfDescribingJson object at 0x10902fd90>]}


============================== 19:01:12.596652 | 97b112b7-3b71-4003-96b2-a69cc04a3e11 ==============================
[0m19:01:12.596652 [info ] [MainThread]: Running with dbt=1.11.11
[0m19:01:12.597474 [debug] [MainThread]: running dbt with arguments {'write_json': 'True', 'partial_parse': 'True', 'log_path': 'logs', 'static_parser': 'True', 'debug': 'False', 'log_format': 'default', 'no_print': 'None', 'use_experimental_parser': 'False', 'cache_selected_only': 'False', 'fail_fast': 'False', 'profiles_dir': '/Users/user/Documents/Raqib', 'introspect': 'True', 'empty': 'None', 'target_path': 'None', 'send_anonymous_usage_stats': 'True', 'indirect_selection': 'eager', 'use_colors': 'True', 'invocation_command': 'dbt init raqib_sf', 'log_cache_events': 'False', 'version_check': 'True', 'quiet': 'False', 'warn_error': 'None', 'warn_error_options': 'WarnErrorOptionsV2(error=[], warn=[], silence=[])', 'printer_width': '80'}
[0m19:01:12.619797 [debug] [MainThread]: Starter project path: /Users/user/Documents/Raqib/.venv/lib/python3.13/site-packages/dbt/include/starter_project
[0m19:01:12.630315 [info ] [MainThread]: 
Your new dbt project "raqib_sf" was created!

For more information on how to configure the profiles.yml file,
please consult the dbt documentation here:

  https://docs.getdbt.com/docs/configure-your-profile

One more thing:

Need help? Don't hesitate to reach out to us via GitHub issues or on Slack:

  https://community.getdbt.com/

Happy modeling!

[0m19:01:12.631023 [info ] [MainThread]: Setting up your profile.
[0m19:01:22.835792 [debug] [MainThread]: Resource report: {"command_name": "init", "command_success": true, "command_wall_clock_time": 10.353113, "process_in_blocks": "0", "process_kernel_time": 0.311696, "process_mem_max_rss": "102768640", "process_out_blocks": "0", "process_user_time": 1.927158}
[0m19:01:22.837148 [debug] [MainThread]: Command `dbt init` succeeded at 19:01:22.836811 after 10.35 seconds
[0m19:01:22.837745 [debug] [MainThread]: Sending event: {'category': 'dbt', 'action': 'invocation', 'label': 'end', 'context': [<snowplow_tracker.self_describing_json.SelfDescribingJson object at 0x10905a650>, <snowplow_tracker.self_describing_json.SelfDescribingJson object at 0x1091130b0>, <snowplow_tracker.self_describing_json.SelfDescribingJson object at 0x109079ae0>]}
[0m19:01:22.839104 [debug] [MainThread]: Flushing usage events
[0m19:01:23.550509 [debug] [MainThread]: An error was encountered while trying to flush usage events
[0m19:01:46.373027 [debug] [MainThread]: Sending event: {'category': 'dbt', 'action': 'invocation', 'label': 'start', 'context': [<snowplow_tracker.self_describing_json.SelfDescribingJson object at 0x10936e900>, <snowplow_tracker.self_describing_json.SelfDescribingJson object at 0x10a5239d0>, <snowplow_tracker.self_describing_json.SelfDescribingJson object at 0x10a523d90>]}


============================== 19:01:46.380749 | 11ba4b2c-ee63-4aa5-ab7d-9d53f41c7796 ==============================
[0m19:01:46.380749 [info ] [MainThread]: Running with dbt=1.11.11
[0m19:01:46.381651 [debug] [MainThread]: running dbt with arguments {'empty': 'None', 'quiet': 'False', 'warn_error_options': 'WarnErrorOptionsV2(error=[], warn=[], silence=[])', 'version_check': 'True', 'printer_width': '80', 'introspect': 'True', 'cache_selected_only': 'False', 'warn_error': 'None', 'log_cache_events': 'False', 'target_path': 'None', 'profiles_dir': '/Users/user/.dbt', 'static_parser': 'True', 'invocation_command': 'dbt debug', 'send_anonymous_usage_stats': 'True', 'no_print': 'None', 'debug': 'False', 'indirect_selection': 'eager', 'log_path': 'logs', 'fail_fast': 'False', 'use_experimental_parser': 'False', 'partial_parse': 'True', 'log_format': 'default', 'use_colors': 'True', 'write_json': 'True'}
[0m19:01:46.401785 [info ] [MainThread]: dbt version: 1.11.11
[0m19:01:46.402522 [info ] [MainThread]: python version: 3.13.13
[0m19:01:46.403169 [info ] [MainThread]: python path: /Users/user/Documents/Raqib/.venv/bin/python
[0m19:01:46.404206 [info ] [MainThread]: os info: macOS-12.7.6-x86_64-i386-64bit-Mach-O
[0m19:01:47.009331 [debug] [MainThread]: Snowflake adapter: Setting snowflake.connector to ERROR (file logging only)
[0m19:01:47.010318 [debug] [MainThread]: Snowflake adapter: Setting botocore to ERROR (file logging only)
[0m19:01:47.011029 [debug] [MainThread]: Snowflake adapter: Setting boto3 to ERROR (file logging only)
[0m19:01:47.109189 [info ] [MainThread]: Using profiles dir at /Users/user/.dbt
[0m19:01:47.109751 [info ] [MainThread]: Using profiles.yml file at /Users/user/.dbt/profiles.yml
[0m19:01:47.110221 [info ] [MainThread]: Using dbt_project.yml file at /Users/user/Documents/Raqib/dbt_project.yml
[0m19:01:47.111069 [info ] [MainThread]: adapter type: snowflake
[0m19:01:47.111555 [info ] [MainThread]: adapter version: 1.11.5
[0m19:01:47.112037 [info ] [MainThread]: Configuration:
[0m19:01:47.112462 [info ] [MainThread]:   profiles.yml file [[32mOK found and valid[0m]
[0m19:01:47.112858 [info ] [MainThread]:   dbt_project.yml file [[31mERROR not found[0m]
[0m19:01:47.113247 [info ] [MainThread]: Required dependencies:
[0m19:01:47.113711 [debug] [MainThread]: Executing "git --help"
[0m19:01:47.142874 [debug] [MainThread]: STDOUT: "b"usage: git [-v | --version] [-h | --help] [-C <path>] [-c <name>=<value>]\n           [--exec-path[=<path>]] [--html-path] [--man-path] [--info-path]\n           [-p | --paginate | -P | --no-pager] [--no-replace-objects] [--bare]\n           [--git-dir=<path>] [--work-tree=<path>] [--namespace=<name>]\n           [--super-prefix=<path>] [--config-env=<name>=<envvar>]\n           <command> [<args>]\n\nThese are common Git commands used in various situations:\n\nstart a working area (see also: git help tutorial)\n   clone     Clone a repository into a new directory\n   init      Create an empty Git repository or reinitialize an existing one\n\nwork on the current change (see also: git help everyday)\n   add       Add file contents to the index\n   mv        Move or rename a file, a directory, or a symlink\n   restore   Restore working tree files\n   rm        Remove files from the working tree and from the index\n\nexamine the history and state (see also: git help revisions)\n   bisect    Use binary search to find the commit that introduced a bug\n   diff      Show changes between commits, commit and working tree, etc\n   grep      Print lines matching a pattern\n   log       Show commit logs\n   show      Show various types of objects\n   status    Show the working tree status\n\ngrow, mark and tweak your common history\n   branch    List, create, or delete branches\n   commit    Record changes to the repository\n   merge     Join two or more development histories together\n   rebase    Reapply commits on top of another base tip\n   reset     Reset current HEAD to the specified state\n   switch    Switch branches\n   tag       Create, list, delete or verify a tag object signed with GPG\n\ncollaborate (see also: git help workflows)\n   fetch     Download objects and refs from another repository\n   pull      Fetch from and integrate with another repository or a local branch\n   push      Update remote refs along with associated objects\n\n'git help -a' and 'git help -g' list available subcommands and some\nconcept guides. See 'git help <command>' or 'git help <concept>'\nto read about a specific subcommand or concept.\nSee 'git help git' for an overview of the system.\n""
[0m19:01:47.145412 [debug] [MainThread]: STDERR: "b''"
[0m19:01:47.146486 [info ] [MainThread]:  - git [[32mOK found[0m]

[0m19:01:47.147352 [info ] [MainThread]: Connection:
[0m19:01:47.147950 [info ] [MainThread]:   account: qub34967
[0m19:01:47.148416 [info ] [MainThread]:   user: dbt_snowflk
[0m19:01:47.148931 [info ] [MainThread]:   database: finance_db
[0m19:01:47.149458 [info ] [MainThread]:   warehouse: finance_wh
[0m19:01:47.149856 [info ] [MainThread]:   role: accountadmin
[0m19:01:47.150239 [info ] [MainThread]:   schema: raw
[0m19:01:47.150625 [info ] [MainThread]:   authenticator: None
[0m19:01:47.151007 [info ] [MainThread]:   oauth_client_id: None
[0m19:01:47.151394 [info ] [MainThread]:   query_tag: None
[0m19:01:47.151807 [info ] [MainThread]:   client_session_keep_alive: False
[0m19:01:47.152505 [info ] [MainThread]:   host: None
[0m19:01:47.152979 [info ] [MainThread]:   port: None
[0m19:01:47.153409 [info ] [MainThread]:   proxy_host: None
[0m19:01:47.154034 [info ] [MainThread]:   proxy_port: None
[0m19:01:47.154560 [info ] [MainThread]:   protocol: None
[0m19:01:47.154993 [info ] [MainThread]:   connect_retries: 1
[0m19:01:47.155408 [info ] [MainThread]:   connect_timeout: None
[0m19:01:47.155818 [info ] [MainThread]:   retry_on_database_errors: False
[0m19:01:47.156237 [info ] [MainThread]:   retry_all: False
[0m19:01:47.156643 [info ] [MainThread]:   insecure_mode: False
[0m19:01:47.157206 [info ] [MainThread]:   reuse_connections: True
[0m19:01:47.159852 [info ] [MainThread]:   s3_stage_vpce_dns_name: None
[0m19:01:47.160451 [info ] [MainThread]:   platform_detection_timeout_seconds: 0.0
[0m19:01:47.161855 [info ] [MainThread]: Registered adapter: snowflake=1.11.5
[0m19:01:47.306631 [debug] [MainThread]: Acquiring new snowflake connection 'debug'
[0m19:01:47.360589 [debug] [MainThread]: Using snowflake connection "debug"
[0m19:01:47.361128 [debug] [MainThread]: On debug: select 1 as id
[0m19:01:47.361535 [debug] [MainThread]: Opening a new connection, currently in state init
[0m19:01:49.123916 [debug] [MainThread]: Snowflake adapter: Error running SQL: select 1 as id
[0m19:01:49.124646 [debug] [MainThread]: Snowflake adapter: Rolling back transaction.
[0m19:01:49.125373 [info ] [MainThread]:   Connection test: [[31mERROR[0m]

[0m19:01:49.126098 [info ] [MainThread]: [31m2 checks failed:[0m
[0m19:01:49.126631 [info ] [MainThread]: Project loading failed for the following reason:
 project path </Users/user/Documents/Raqib/dbt_project.yml> not found

[0m19:01:49.127169 [info ] [MainThread]: dbt was unable to connect to the specified database.
The database returned the following error:

  >Database Error
  250001 (08001): Failed to connect to DB: qub34967.snowflakecomputing.com:443. Your free trial has ended and all of your virtual warehouses have been suspended. Add billing information in the Snowflake web UI to continue using the full set of Snowflake features.

Check your database credentials and try again. For more information, visit:
https://docs.getdbt.com/docs/configure-your-profile


[0m19:01:49.128207 [debug] [MainThread]: Resource report: {"command_name": "debug", "command_success": false, "command_wall_clock_time": 2.8658593, "process_in_blocks": "0", "process_kernel_time": 0.460135, "process_mem_max_rss": "145788928", "process_out_blocks": "0", "process_user_time": 2.636733}
[0m19:01:49.128999 [debug] [MainThread]: Command `dbt debug` failed at 19:01:49.128828 after 2.87 seconds
[0m19:01:49.129532 [debug] [MainThread]: Connection 'debug' was left open.
[0m19:01:49.129996 [debug] [MainThread]: On debug: No close available on handle
[0m19:01:49.130531 [debug] [MainThread]: Sending event: {'category': 'dbt', 'action': 'invocation', 'label': 'end', 'context': [<snowplow_tracker.self_describing_json.SelfDescribingJson object at 0x10b8d8fc0>, <snowplow_tracker.self_describing_json.SelfDescribingJson object at 0x10b6b16d0>, <snowplow_tracker.self_describing_json.SelfDescribingJson object at 0x10b545bf0>]}
[0m19:01:49.131156 [debug] [MainThread]: Flushing usage events
[0m19:01:49.734956 [debug] [MainThread]: An error was encountered while trying to flush usage events
